VIACREDI    - COMPROVACOES PENDENTES NAS ALIENACOES    - REF.31/12/2013 EMPRESTIMOS     145/185  EM 10/02/2014 AS 07:30 HRPAG.:    1

DESTINO: DANIELA                                                                                                        SEQ.:   5384

PA:     059 - PR BNU C.A.VERD                                                                                                       

    CONTA/DV  CONTRATO      DATA   NOME / BEM FINANCIADO                             ANALISTA DE CREDITO                            

    60.853.0   225.240  05/02/09   JORGE LUIZ SCHWATZ                                DENISE MULLER RAMOS                            
                                   001) (SEGURO) CASA TERRENO 1.614 M2 CASA 170M2, de cor RUA GENERAL OSORIO                        

    90.391.4   253.752  26/04/12   MAIKEL FRANCIS BUGMANN                            KARINA SIMONE STEIL                            
                                   001) (SEGURO) AUTOMOVEL VW. FOX 1.0, de cor VERMELHA, placa MDL-6023                             
                                       RENAVAN -     918.062.829     Chassi - 9BWKA05                                               

   152.070.9   263.813  22/02/13   ANTONIO FELIPE PETERS                             KARINA SIMONE STEIL                            
                                   001) (ALIENACAO/SEGURO) CASA TERRENO COM CASA, de cor RUA RUDOLFO HOLLENWEGER,307 GARCIA BLUMENAU

   160.531.3   260.592  24/10/12   JACKSON PIRES                                     KARINA SIMONE STEIL                            
                                   001) (SEGURO) AUTOMOVEL PALIO ELX FLEX 1.4, de cor PRATA, placa MDF-6325                         
                                       RENAVAN -     890.532.893     Chassi - 9BD1714                                               

   184.812.7   275.035  26/08/13   NERCY DE SOUZA FERREIRA GUIDINI                   ADRIANO FELICIO                                
                                   001) (ALIENACAO/SEGURO) MOTO HONDA PCX 150, de cor VERMELHA, placa AVI-SAR                       
                                       RENAVAN -               1     Chassi - 9C2KF17                                               

   184.829.1   255.486  25/06/12   CATARINA ITSO                                     VIVIANE BOPPRE ZARTH                           
                                   001) (SEGURO) AUTOMOVEL FORD KA GL, de cor VERMELHA, placa MDJ-7968                              
                                       RENAVAN -     838.541.224     Chassi - 9BFBSZG                                               

   199.437.9   275.361  25/10/13   ABJ COMERCIO DE GAS LTDA ME                       LUIZ RICARDO CANDIDO                           
                                   001) (ALIENACAO/SEGURO) AUTOMOVEL KIA BONGO K2500HD, de cor BRANCA, placa IPR-5240               
                                       RENAVAN -     134.521.684     Chassi - KNCSE21                                               

   214.010.1   272.373  11/07/13   TRYNCO VIDRACARIA LTDA ME                         VIVIANE BOPPRE ZARTH                           
                                   001) (SEGURO) AUTOMOVEL COROLLA ALTIS AT 2.0 FLEX, de cor PRATA SUPERNOVA, placa MJN-2752        
                                       RENAVAN -     456.440.968     Chassi - 9BRBD48                                               

   225.274.0   261.017  26/10/12   LEANDRO RODRIGUES                                 KARINA SIMONE STEIL                            
                                   001) (SEGURO) AUTOMOVEL GOL 1.6 8V 4PORTAS, de cor BRANCO, placa MCN-7628                        
                                       RENAVAN -     791.902.790     Chassi - 9BWCB05                                               

   237.290.8   280.599  17/12/13   ESCADAS MANSKE LTDA                               ANA MARISA BORDINHAO                           
                                   001) (ALIENACAO/SEGURO) CAMINHAO FORD 350, de cor BRANCA / TRANSIT350L CC, placa MHK-9608        
                                       RENAVAN -     253.857.040                                                                    

   237.291.6   240.480  27/05/11   STANLEY SAUL LIPPEL                               ANDRE FERNANDO STRUBE                          
                                   001) (ALIENACAO) TERRENO TERRENO COM 360M2, de cor RUA AGUA BRANCA, LOTE N 14. .                 

   237.356.4   279.578  29/11/13   ROSELENE MARIA AMORIM                             PATRICIA SUELEN ADAMI                          
                                   001) (SEGURO) AUTOMOVEL FIAT SIENA ELX, de cor PRATA, placa DFW-4405                             
                                       RENAVAN -     797.564.799     Chassi - 9BD1720                                               

   246.274.5   263.268  21/12/12   SAMANTA JERUSA BONETTI                            KARINA SIMONE STEIL                            
                                   001) (SEGURO) AUTOMOVEL FIAT UNO MILLE SMART, de cor CINZA, placa MAS-2773                       
                                       RENAVAN -     735.519.250     Chassi - 9BD1582                                               

   281.778.0   262.242  21/11/12   PATRICIA FAGUNDES FALEIRO                         LUIZ RICARDO CANDIDO                           
                                   001) (SEGURO) AUTOMOVEL FORD FIESTA, de cor PRETO, placa INV-8455                                
                                       RENAVAN -     920.462.367     Chassi - 9BFZF10                                               

   285.940.8   267.067  08/03/13   JAQUELINE PEREIRA                                 KARINA SIMONE STEIL                            
                                   001) (SEGURO) AUTOMOVEL RENAULT SANDERO PRI 16, de cor PRATA, placa MKB-8934                     
                                       RENAVAN -     475.830.768     Chassi - 93YBSR8                                               

   302.282.0   262.352  26/11/12   ANABELT EMPREITEIRA DE MAO DE OBRA LTDA           VIVIANE BOPPRE ZARTH                           
                                   001) (SEGURO) AUTOMOVEL CAMIONETA S10 DELUXE 4.3, de cor AZUL, placa LZN-1892                    
                                       RENAVAN -     695.144.758     Chassi - 9BG139C                                               

   303.724.0   275.792  09/10/13   JOAO VERGILIO DIAS                                DAYANA CRISTINA SILVA DA COSTA WEIGMANN        
                                   001) (ALIENACAO/SEGURO) CASA TERRENO COM 101,320 M2 EDIFICADO COM CASA GERMINADA DE 62,050 M2., d

   311.327.2   275.704  10/09/13   RONEI LUIS GRASEL                                 DAYANA CRISTINA SILVA DA COSTA WEIGMANN        
                                   001) (SEGURO) AUTOMOVEL TOYOTA/FIELDER XEI18 FLEX, de cor PRATA, placa MFP-9319                  
                                       RENAVAN -     948.268.549     Chassi - 9BR72ZE                                               

   311.772.3   267.766  20/03/13   ALEXANDRE SOMBRIO                                 VIVIANE BOPPRE ZARTH                           
                                   001) (SEGURO) AUTOMOVEL PEUGEOT 307 20S A SW, de cor PRETA, placa MGY-2932                       
                                       RENAVAN -     914.047.191     Chassi - VF33HRF                                               

   313.738.4   280.400  10/12/13   LOURDES CAMARGO                                   VIVIANE BOPPRE ZARTH                           
                                   001) (ALIENACAO/SEGURO) AUTOMOVEL HONDA CIVIC LX 115 CV, de cor DOURADA, placa LNJ-0142          
                                       RENAVAN -     761.607.579     Chassi - 93HES16                                               

VIACREDI    - COMPROVACOES PENDENTES NAS ALIENACOES    - REF.31/12/2013 EMPRESTIMOS     145/185  EM 10/02/2014 AS 07:30 HRPAG.:    2

DESTINO: DANIELA                                                                                                        SEQ.:   5384

PA:     059 - PR BNU C.A.VERD                                                                                                       

    CONTA/DV  CONTRATO      DATA   NOME / BEM FINANCIADO                             ANALISTA DE CREDITO                            

   313.816.0   270.573  28/05/13   EDINA DILEIA VERDI                                KARINA SIMONE STEIL                            
                                   001) (SEGURO) AUTOMOVEL SILVERADO D20, de cor AZUL, placa MEL-5180                               
                                       RENAVAN -     748.120.327     Chassi - 9BG244D                                               

   314.165.9   252.507  02/04/12   LEONARDO CALDART BOCCA                            VIVIANE BOPPRE ZARTH                           
                                   001) (SEGURO) AUTOMOVEL VW POLO 1.6  100 CV, de cor PRATA, placa MDC-4822                        
                                       RENAVAN -     781.934.710     Chassi - 9BWHB09                                               

   314.838.6   259.674  28/09/12   JOSEANE LIMA MACHADO DE SOUZA                     FRANCIELLE FERNANDES TESTONI                   
                                   001) (SEGURO) AUTOMOVEL CORSA SEDAN WIND, de cor BRANCA, placa MBC-2462                          
                                       RENAVAN -     733.663.516     Chassi - 9BGSC19                                               

   315.436.0   276.822  02/10/13   EDINO ALVES DOS SANTOS                            LUIZ RICARDO CANDIDO                           
                                   001) (SEGURO) AUTOMOVEL GOL 1.0, de cor VERMELHO, placa MHK-0128                                 
                                       RENAVAN -     253.644.348     Chassi - 9BWAA05                                               

   315.653.2   256.064  18/07/12   ALEX SANDER TRAUTMANN                             VIVIANE BOPPRE ZARTH                           
                                   001) (SEGURO) AUTOMOVEL CORSA WIND 50 CV 5 P, de cor AZUL, placa BSH-5373                        
                                       RENAVAN -     633.007.374     Chassi - 9BGSC08                                               

   315.778.4   257.171  24/08/12   DAIANI RAQUEL SIMSEN                              VIVIANE BOPPRE ZARTH                           
                                   001) (SEGURO) AUTOMOVEL PALIO ATRACTIVE 1.0 EVO, de cor BRANCA, placa AAA-1111                   
                                       RENAVAN -     111.111.111     Chassi - 8AP1962                                               

   317.144.2   279.921  05/12/13   ALAN JUNIOR FERREIRA                              ROSANGELA MORAES DE SOUZA                      
                                   001) (ALIENACAO/SEGURO) MOTO HONDA CG 150 TITAN ESD, de cor PRATA, placa MDJ-8537                
                                       RENAVAN -     895.345.269     Chassi - 9C2KC08                                               

   319.084.6   278.709  08/11/13   ROSANGELA BIANCHINI                               ANA MARISA BORDINHAO                           
                                   001) (ALIENACAO/SEGURO) MOTO CG 125 FAN ES, de cor VERMELHA, placa 000-1111                      
                                       RENAVAN -          28.431     Chassi - 9C2JC41                                               

   351.704.7   256.767  19/07/12   LUIZ ALBERTO VIEIRA                               FRANCIELLE TORQUATO UMBELINO                   
                                   001) (ALIENACAO/SEGURO) AUTOMOVEL KOMBI STANDARD, de cor BRANCO CRISTAL .                        
                                       RENAVAN -         203.300     Chassi - 9BWMF07                                               

   356.160.7   264.401  11/01/13   PATRICIA CARLA SOARES GIESELER                    LUIZ RICARDO CANDIDO                           
                                   001) (ALIENACAO/SEGURO) AUTOMOVEL GOL 1.0, de cor PRETA, placa HEQ-9532                          
                                       RENAVAN -     197.493.262     Chassi - 9BWAA05                                               

   361.600.2   277.330  08/10/13   IVAN MATIAS OLIVEIRA                              LUIZ RICARDO CANDIDO                           
                                   001) (SEGURO) AUTOMOVEL CLIO CAMPUS 1.0 16V 3P, de cor PRETA, placa MHG-4449                     
                                       RENAVAN -     184.890.160     Chassi - 8A1CB8V                                               

   370.522.6   264.875  26/02/13   OZEIAS ALVES                                      KARINA SIMONE STEIL                            
                                   001) (ALIENACAO/SEGURO) CASA SALA COMERCIAL, de cor RUA FREI ESTANISLAU SCHAETTE, 1086 AGUA VERDE

   375.619.0   267.164  11/03/13   BRUNO ARLAN NUNES MELO                            LUIZ RICARDO CANDIDO                           
                                   001) (SEGURO) AUTOMOVEL UNO, de cor PRETO 4 P, placa MBW-3066                                    
                                       RENAVAN -     786.832.916     Chassi - 9BD1582                                               

   376.388.9   276.148  16/09/13   EDUARDO SCHARF                                    LUIZ RICARDO CANDIDO                           
                                   001) (ALIENACAO/SEGURO) AUTOMOVEL GOLF, de cor PRATA, placa DBK-8998                             
                                       RENAVAN -     729.338.240     Chassi - 9BWAC21                                               

   376.474.5   257.317  27/08/12   ALEXANDRE LAMIM                                   VIVIANE BOPPRE ZARTH                           
                                   001) (ALIENACAO/SEGURO) AUTOMOVEL HONDA CIVIC LXS FLEX, de cor PRETA, placa MID-9400             
                                       RENAVAN -     940.829.240     Chassi - 93HFA66                                               

   603.075.0   274.936  22/08/13   MARTINHO TENFEN JUNIOR                            LUIZ RICARDO CANDIDO                           
                                   001) (SEGURO) AUTOMOVEL PEUGEOT 307, de cor PRATA, placa MKU-0307                                
                                       RENAVAN -     921.359.381     Chassi - 8AD3DRF                                               

   603.119.6   265.537  26/02/13   SIDNEY ALVES DA SILVA                             KARINA SIMONE STEIL                            
                                   001) (SEGURO) AUTOMOVEL HYUNDAI I 30 2.0 AUT., de cor PRATA, placa MHZ-9977                      
                                       RENAVAN -     230.986.099     Chassi - KMHDC51                                               

   603.183.8   276.579  03/10/13   LUANA MARA DO NASCIMENTO                          LUIZ RICARDO CANDIDO                           
                                   001) (SEGURO) AUTOMOVEL CLIO RT, de cor VERMELHA, placa MBM-1696                                 
                                       RENAVAN -     764.383.388     Chassi - 93YBB06                                               

   603.235.4   273.793  07/08/13   PAULO ROSA                                        DAISY DARLENE ZEITZ                            
                                   001) (SEGURO) AUTOMOVEL VW GOL 1.0, de cor BRANCA, placa MFA-3773                                
                                       RENAVAN -     958.550.557     Chassi - 9BWCA05                                               


VIACREDI    - COMPROVACOES PENDENTES NAS ALIENACOES    - REF.31/12/2013 EMPRESTIMOS     145/185  EM 10/02/2014 AS 07:30 HRPAG.:    3

DESTINO: DANIELA                                                                                                        SEQ.:   5384

PA:     059 - PR BNU C.A.VERD                                                                                                       

    CONTA/DV  CONTRATO      DATA   NOME / BEM FINANCIADO                             ANALISTA DE CREDITO                            

   622.334.6   265.987  22/02/13   LUCIANA ZACARON                                   JACKSON CHAVES                                 
                                   001) (SEGURO) AUTOMOVEL PARATI 1.8 PLUS 2001, de cor PRATA, placa HSN-2002                       
                                       RENAVAN -     752.975.595     Chassi - 9BWDC05                                               

   627.934.1   262.447  06/12/12   BRUNA DANIELA VARELA                              LUIZ RICARDO CANDIDO                           
                                   001) (SEGURO) AUTOMOVEL CLIO RN EXPRESSION 1.0, de cor BRANCO, placa ART-0879                    
                                       RENAVAN -     729.818.527     Chassi - 93YBB0Y                                               

   627.937.6   279.768  17/12/13   JOAO MARTINS MONTIBELER                           DAYANA CRISTINA SILVA DA COSTA WEIGMANN        
                                   001) (ALIENACAO/SEGURO) AUTOMOVEL HONDA CIVIC LX AUTOMATICO, de cor PRATA, placa MCE-9927        
                                       RENAVAN -     789.645.220     Chassi - 93HES16                                               

   628.062.5   259.150  30/10/12   A S COMERCIO DE VESTUARIO LTDA                    KARINA SIMONE STEIL                            
                                   001) (SEGURO) AUTOMOVEL GOL 1.0 GIV FLEX, de cor CINZA, placa MGA-5039                           
                                       RENAVAN -     116.486.708     Chassi - 9BWAA05                                               

   628.070.6   266.669  28/02/13   DJONE MONDINI                                     JACKSON CHAVES                                 
                                   001) (SEGURO) AUTOMOVEL CITROEN PICASSO II160LXF, de cor PRATA, placa MHY-6754                   
                                       RENAVAN -     201.644.398     Chassi - 935CHN6                                               

   628.090.0   255.984  27/06/12   PATRICIA LING                                     VIVIANE BOPPRE ZARTH                           
                                   001) (SEGURO) AUTOMOVEL GOL 1.0 PLUS 16V, de cor BRANCA, placa BEN-5813                          
                                       RENAVAN -     748.812.180     Chassi - 9BWCA05                                               

   642.911.4   276.717  26/09/13   RICARDO DOS SANTOS                                DAYANA CRISTINA SILVA DA COSTA WEIGMANN        
                                   001) (SEGURO) AUTOMOVEL PALIO WEEK ELX FLEX, de cor CINZA, placa MAO-4873                        
                                       RENAVAN -     883.854.490     Chassi - 9BD1730                                               

   664.494.5   279.766  29/11/13   SORAIA DA SILVA                                   PATRICIA SUELEN ADAMI                          
                                   001) (SEGURO) AUTOMOVEL VW POLO SPORTLINE 1.6 MI, de cor BRANCA, placa MMK-1511                  
                                       RENAVAN -     204.653.479     Chassi - 9BWABA4                                               

   672.557.0   266.248  05/03/13   LUCIANO ALBINO                                    JACKSON CHAVES                                 
                                   001) (SEGURO) AUTOMOVEL GM/ZAFIRA 2.0, de cor BRANCA, placa MBR-6915                             
                                       RENAVAN -     786.011.106     Chassi - 9BGTT75                                               

   677.031.2   278.857  14/11/13   PRISCILA MIGUEL                                   KARIN EWALD                                    
                                   001) (SEGURO) AUTOMOVEL GM CELTA 5P ENERGY, de cor VERMELHA, placa MDP-3521                      
                                       RENAVAN -     821.162.080     Chassi - 9BGRD48                                               

   677.038.0   270.737  22/05/13   THAISE TATIANE RONCALHO                           LUIZ RICARDO CANDIDO                           
                                   001) (ALIENACAO) AUTOMOVEL CLIO RN 1.0 5P, de cor VERMELHA, placa BAB-1938                       
                                       RENAVAN -     732.195.225     Chassi - 93YBB0Y                                               

   677.084.3   279.049  02/12/13   ORLANDO XAVIER DOS SANTOS                         LUIZ RICARDO CANDIDO                           
                                   001) (ALIENACAO/SEGURO) AUTOMOVEL GOL 2011, de cor VERMELHO, placa MGR-5578                      
                                       RENAVAN -     234.661.909     Chassi - 9BWAA05                                               

   677.087.8   279.618  29/11/13   VANDERSON JHONATAN FERREIRA                       ADRIANO FELICIO                                
                                   001) (ALIENACAO/SEGURO) MOTO HONDA CG 150 FAN ESI, de cor VERMELHA, placa MJZ-7389               
                                       RENAVAN -     406.378.860     Chassi - 9C2KC16                                               

   677.152.1   267.098  11/03/13   MICHELE ASSIS ZALASIK DE OLIVEIRA                 LUIZ RICARDO CANDIDO                           
                                   001) (ALIENACAO) AUTOMOVEL GOL 1.0, de cor VERMELHA, placa MEH-6520                              
                                       RENAVAN -     729.207.951     Chassi - 9BWZZZ3                                               

   677.179.3   274.956  26/08/13   PAULO HENRIQUE CORREA BARBOSA                     JONAS FRANCISCO PLETSCH GRAF                   
                                   001) (ALIENACAO/SEGURO) AUTOMOVEL SPACEFOX CONFORTLINE FLEX, de cor PRETA, placa MDY-2167        
                                       RENAVAN -     896.454.240     Chassi - 8AWPB05                                               

   680.209.5   279.138  14/11/13   RENATO SOUZA                                      GRACIELI VARELLA                               
                                   001) (ALIENACAO/SEGURO) MOTO HONDA CG 125 FAN ES, de cor VERMELHA, placa MJV-3213                
                                       RENAVAN -     466.217.811     Chassi - 9C2JC41                                               

   680.270.2   276.145  19/09/13   PAULO TIAGO PEREIRA DA COSTA                      VIVIANE BOPPRE ZARTH                           
                                   001) (ALIENACAO/SEGURO) AUTOMOVEL VW GOL 1.8 I, de cor CINZA, placa MBT-0291                     
                                       RENAVAN -     754.472.647     Chassi - 9BWCC05                                               

   691.752.6   281.232  24/12/13   MARISTELA TEREZA MATUCHAKI                        LUIZ RICARDO CANDIDO                           
                                   001) (ALIENACAO/SEGURO) AUTOMOVEL GOL 16V POWER, de cor PRETA, placa MCS-4749                    
                                       RENAVAN -     793.801.826     Chassi - 9BWCA05                                               

   694.921.5   269.608  09/05/13   BRUNO FELIPE SIRNA DOS SANTOS                     DAYANA CRISTINA SILVA DA COSTA WEIGMANN        
                                   001) (SEGURO) AUTOMOVEL PALIO HLX 1.8 FLEX, de cor CINZA, placa DSP-5116                         
                                       RENAVAN -     879.630.817     Chassi - 9BD1714                                               

VIACREDI    - COMPROVACOES PENDENTES NAS ALIENACOES    - REF.31/12/2013 EMPRESTIMOS     145/185  EM 10/02/2014 AS 07:30 HRPAG.:    4

DESTINO: DANIELA                                                                                                        SEQ.:   5384

PA:     059 - PR BNU C.A.VERD                                                                                                       

    CONTA/DV  CONTRATO      DATA   NOME / BEM FINANCIADO                             ANALISTA DE CREDITO                            

   711.638.1   280.619  13/12/13   NELSON ADMAR BATISTA                              GRACIELI VARELLA                               
                                   001) (ALIENACAO/SEGURO) MOTO HONDA XRE 300, de cor VERMELHA, placa AVI-SAR                       
                                       RENAVAN -               1     Chassi - 9C2ND11                                               

   711.644.6   278.324  14/11/13   ROSALINO TORRES DE OLIVEIRA                       LUIZ RICARDO CANDIDO                           
                                   001) (ALIENACAO/SEGURO) AUTOMOVEL PARATI, de cor GRAFITE, placa MFI-5510                         
                                       RENAVAN -     772.820.031     Chassi - 9BWDA05                                               

   711.686.1   275.224  30/08/13   SORAIA BALDI RAMOS                                LUIZ RICARDO CANDIDO                           
                                   001) (ALIENACAO/SEGURO) AUTOMOVEL SCENIC RXE, de cor PRETA, placa MCH-5327                       
                                       RENAVAN -     790.325.551     Chassi - 93YJA00                                               

   711.762.0   274.366  13/08/13   ELZA DAS GRACAS SOTEL                             LUIZ RICARDO CANDIDO                           
                                   001) (ALIENACAO/SEGURO) AUTOMOVEL PEUGEOT TECHNO 1.6, de cor PRETA, placa MBW-1375               
                                       RENAVAN -     807.484.032     Chassi - 9362AN6                                               

   711.771.0   274.729  23/08/13   RAFAELA GONCALVES                                 DAYANA CRISTINA SILVA DA COSTA WEIGMANN        
                                   001) (ALIENACAO/SEGURO) AUTOMOVEL CITROEN C3 EXCL, de cor BRANCA, placa MFK-0786                 
                                       RENAVAN -     987.590.480     Chassi - 935FCKF                                               

   725.270.6   276.276  18/09/13   STHEFANY DAIANA GLATZ                             LUIZ RICARDO CANDIDO                           
                                   001) (ALIENACAO/SEGURO) AUTOMOVEL GOLF 2.0, de cor PRATA, placa MFW-0001                         
                                       RENAVAN -     775.238.848     Chassi - 9BWAB01                                               

   725.293.5   276.809  30/09/13   ADRIANA DE OLIVEIRA                               ROSANGELA MORAES DE SOUZA                      
                                   001) (ALIENACAO/SEGURO) MOTO HONDA CG 150 TITAN ESD, de cor AMARELA, placa AVI-SAR               
                                       RENAVAN -               1     Chassi - 9C2KC16                                               

   725.318.4   276.450  27/09/13   DIEGO BARBOSA SANTOS                              LUIZ RICARDO CANDIDO                           
                                   001) (ALIENACAO/SEGURO) AUTOMOVEL FIESTA, de cor PRATA, placa MDK-5076                           
                                       RENAVAN -     863.048.196     Chassi - 9BFZF26                                               

   725.319.2   276.432  23/09/13   CHARLES REITER                                    ROSANGELA MORAES DE SOUZA                      
                                   001) (ALIENACAO/SEGURO) MOTO YAMAHA XTZ 250 LANDER, de cor PRETA, placa MFW-5451                 
                                       RENAVAN -     908.723.040     Chassi - 9C6KG02                                               

   725.371.0   277.564  18/10/13   JANE CLAUDIA GONCALVES                            DAYANA CRISTINA SILVA DA COSTA WEIGMANN        
                                   001) (ALIENACAO/SEGURO) AUTOMOVEL FORD FIESTA FLEX 2007, de cor BRANCA, placa MFN-7199           
                                       RENAVAN -     947.971.416     Chassi - 9BFZF10                                               

   725.381.8   280.676  20/12/13   EZEQUIEL DOS SANTOS                               JULYANA ZIGANTE NAVARRO                        
                                   001) (ALIENACAO/SEGURO) MOTO HONDA CBX 250 TWISTER, de cor VERMELHA, placa MEC-9219              
                                       RENAVAN -     868.683.396     Chassi - 9C2MC35                                               

   725.400.8   276.636  23/09/13   JOANA DE DEUS DA SILVA                            LUIZ RICARDO CANDIDO                           
                                   001) (ALIENACAO/SEGURO) AUTOMOVEL PARATI 16V PLUS, de cor PRATA, placa MBH-4683                  
                                       RENAVAN -     759.771.880     Chassi - 9BWDA05                                               

   740.004.7   279.093  12/11/13   VALCIR ANTONIO GOULARTE                           DOUGLAS JUNGES                                 
                                   001) (ALIENACAO/SEGURO) MOTO YAMAHA YS 250 FAZER, de cor VERMELHA, placa MIN-8896                
                                       RENAVAN -     342.478.770     Chassi - 9C6KG04                                               

   740.014.4   279.247  18/11/13   LETICIA WACHSMANN MARTINS                         DOUGLAS JUNGES                                 
                                   001) (ALIENACAO/SEGURO) MOTO HONDA LEAD 110, de cor PRETA, placa ZER-O KM                        
                                       RENAVAN -               1     Chassi - 9C2JF25                                               

   740.036.5   280.474  10/12/13   ANDREIA APARECIDA DOS SANTOS                      LUIZ RICARDO CANDIDO                           
                                   001) (ALIENACAO/SEGURO) AUTOMOVEL PEUGEOT 207 HB XR, de cor PRATA, placa MIB-2866                
                                       RENAVAN -     219.714.444     Chassi - 9362MKF                                               

   740.041.1   280.666  12/12/13   PALMIRA PEREIRA FABRICIO                          DOUGLAS JUNGES                                 
                                   001) (ALIENACAO/SEGURO) MOTO HONDA CG 150 FAN ESDI, de cor PRETA, placa ZER-O KM                 
                                       RENAVAN -               1     Chassi - 9C2KC16                                               

   740.042.0   280.809  16/12/13   IVAN HANEMANN SELING                              KARIN EWALD                                    
                                   001) (ALIENACAO/SEGURO) MOTO NXR BROS 150 ESD, de cor PRETA, placa AVI-SAR                       
                                       RENAVAN -             111     Chassi - 9C2KD05                                               

   740.046.2   281.118  20/12/13   JOAO PEDRO MARIA DE SOUZA                         LUIZ RICARDO CANDIDO                           
                                   001) (ALIENACAO/SEGURO) AUTOMOVEL CORSA SED CLASS LIFE, de cor BRANCA, placa MDN-4048            
                                       RENAVAN -     839.283.105     Chassi - 9BGSA19                                               

   740.049.7   280.911  20/12/13   NILDO GERMANO                                     LUIZ RICARDO CANDIDO                           
                                   001) (ALIENACAO/SEGURO) AUTOMOVEL PALIO WEEKEND ELX 1.0, de cor CINZA, placa MBE-0201            
                                       RENAVAN -     750.304.987     Chassi - 9BD1730                                               

VIACREDI    - COMPROVACOES PENDENTES NAS ALIENACOES    - REF.31/12/2013 EMPRESTIMOS     145/185  EM 10/02/2014 AS 07:30 HRPAG.:    5

DESTINO: DANIELA                                                                                                        SEQ.:   5384

PA:     059 - PR BNU C.A.VERD                                                                                                       

    CONTA/DV  CONTRATO      DATA   NOME / BEM FINANCIADO                             ANALISTA DE CREDITO                            

              QUANTIDADE DE ASSOCIADOS:     77    QUANTIDADE DE CONTRATOS:     77   QUANTIDADE DE BEM(NS):      77                  












































































